2024-09-09 08:43:48: Init DataDir at: C:\laragon\data\mysql-8
2024-09-09 23:36:21: nothing
2024-09-09 23:36:57: nothing
2024-09-09 23:37:11: nothing
2024-09-10 10:14:04: Skip creating auto virtual host for "2 SI C" because the name is invalid.
2024-09-10 10:15:00: Skip creating auto virtual host for "2 SI C" because the name is invalid.
2024-09-12 10:47:40: Skip creating auto virtual host for "2 SI C" because the name is invalid.
2024-09-12 10:48:12: Skip creating auto virtual host for "2 SI C" because the name is invalid.
2024-09-12 19:25:06: Skip creating auto virtual host for "2 SI C" because the name is invalid.
2024-10-09 15:05:47: Graceful shutdown failed!!! Did you change the root's password? - trying to force it shutdown...
ERROR: 
2025-02-18 23:58:11: Graceful shutdown failed!!! Did you change the root's password? - trying to force it shutdown...
ERROR: 
2025-03-05 10:35:01: Graceful shutdown failed!!! Did you change the root's password? - trying to force it shutdown...
ERROR: mysqladmin: connect to server at 'localhost' failed
error: 'Can't connect to MySQL server on 'localhost:3306' (10061)'
Check that mysqld is running on localhost and that the port is 3306.
You can check this by doing 'telnet localhost 3306'

2025-08-31 23:26:08: nothing
2025-08-31 23:36:08: Init DataDir at: D:\laragon-8.2\data\mysql-8
2025-08-31 23:38:43: Init DataDir at: D:\laragon-8.2\data\mysql-8
2025-08-31 23:45:00: Graceful shutdown failed!!! Did you change the root's password? - trying to force it shutdown...
ERROR: mysqladmin: connect to server at 'localhost' failed
error: 'Can't connect to MySQL server on 'localhost:3300' (10061)'
Check that mysqld is running on localhost and that the port is 3300.
You can check this by doing 'telnet localhost 3300'

2025-08-31 23:45:54: Graceful shutdown failed!!! Did you change the root's password? - trying to force it shutdown...
ERROR: mysqladmin: connect to server at 'localhost' failed
error: 'Can't connect to MySQL server on 'localhost:3309' (10061)'
Check that mysqld is running on localhost and that the port is 3309.
You can check this by doing 'telnet localhost 3309'

2026-09-21 07:15:55: nothing
2026-09-21 07:23:11: nothing
2026-09-21 07:24:58: nothing
2026-09-21 07:47:51: Init DataDir at: D:\Yuliana_2SIC\laragon-6.0-minimal\laragon-6.0-minimal\data\mysql-8
