28bc start_logger              154 ---- 2026/09/28 09:31:12.628 -------------------------------------------------
28bc start_logger              160 Host process is 'cmd.exe' (pid 10428)
28bc start_logger              164 DLL path is 'D:\Yuliana_2SIC\laragon-6.0-minimal\laragon-6.0-minimal\bin\cmder\vendor\clink'
28bc start_logger              178 Windows version 10.0.26200 (x64)
28bc start_logger              181 Clink version 1.2.46.69fc92 (x64)
28bc hook_setter::hook_setter  156 >>> Started hook transaction.
28bc hook_setter::attach_iat   313 Attempting to hook SetEnvironmentVariableW in IAT for module 00007FF76EFC0000.
28bc pe_info::iterate_imports  160 Found import in 'api-ms-win-core-processenvironment-l1-1-0.dll'
28bc find_iat                  121 Found import at 00007FF76EFFBE70 (value is 00007FFF64A6D880).
28bc hook_setter::attach_iat   313 Attempting to hook WriteConsoleW in IAT for module 00007FF76EFC0000.
28bc pe_info::iterate_imports  160 Found import in 'api-ms-win-core-console-l1-1-0.dll'
28bc find_iat                  121 Found import at 00007FF76EFFBAB8 (value is 00007FFF64A67C80).
28bc hook_setter::attach_iat   313 Attempting to hook GetEnvironmentVariableW in IAT for module 00007FF76EFC0000.
28bc pe_info::iterate_imports  160 Found import in 'api-ms-win-core-processenvironment-l1-1-0.dll'
28bc find_iat                  121 Found import at 00007FF76EFFBE50 (value is 00007FFF64A4E1B0).
28bc hook_setter::commit       204 <<< Hook transaction committed.
28bc hook_setter::hook_setter  156 >>> Started hook transaction.
28bc hook_setter::detach_iat   356 Attempting to unhook 00007FFF2F6AADF0 from GetEnvironmentVariableW in IAT for module 00007FF76EFC0000.
28bc pe_info::iterate_imports  160 Found import in 'api-ms-win-core-processenvironment-l1-1-0.dll'
28bc find_iat                  121 Found import at 00007FF76EFFBE50 (value is 00007FFF2F6AADF0).
28bc hook_setter::commit       204 <<< Hook transaction committed.
28bc hook_setter::hook_setter  156 >>> Started hook transaction.
28bc hook_setter::attach_iat   313 Attempting to hook ReadConsoleW in IAT for module 00007FF76EFC0000.
28bc pe_info::iterate_imports  160 Found import in 'api-ms-win-core-console-l1-1-0.dll'
28bc find_iat                  121 Found import at 00007FF76EFFBAC8 (value is 00007FFF64A4EEF0).
28bc hook_setter::commit       204 <<< Hook transaction committed.
28bc reset_handle              145 resetting mismatched stdin handle
28bc reset_handle              145 resetting mismatched stdout handle
28bc reset_handle              145 resetting mismatched stderr handle
28bc win_screen_buffer::begin  227 Using native terminal support; found 'ConEmuHk64.dll'.
28bc reset_handle              145 resetting mismatched stdout handle
28bc reset_handle              145 resetting mismatched stderr handle
28bc history_db::initialise   1268 master bank ctag: |CTAG_1663167284_18455859_4204_0
28bc history_db::compact      1492 History:  1 active, 0 deleted
28bc reset_handle              145 resetting mismatched stdout handle
28bc reset_handle              145 resetting mismatched stderr handle
28bc history_db::compact      1492 History:  2 active, 0 deleted
